// Jest Snapshot v1, https://goo.gl/fbAQLP

exports[`Button Component matches snapshot 1`] = `
<DocumentFragment>
  <button
    class="sc-e7b71969-0 oTGwr"
  >
    Click me
  </button>
</DocumentFragment>
`;
