// Jest Snapshot v1, https://goo.gl/fbAQLP

exports[`TimeMeasurementToggle Component matches snapshot 1`] = `
<DocumentFragment>
  <div>
    <span>
      Seconds
    </span>
    <input
      type="checkbox"
    />
    <span>
      Hour
    </span>
  </div>
</DocumentFragment>
`;
