// Jest Snapshot v1, https://goo.gl/fbAQLP

exports[`SpinnerLoader Component matches snapshot 1`] = `
<DocumentFragment>
  <div
    data-testid="spinner"
  />
</DocumentFragment>
`;
