// Jest Snapshot v1, https://goo.gl/fbAQLP

exports[`Modal Component matches snapshot 1`] = `<DocumentFragment />`;
