// Jest Snapshot v1, https://goo.gl/fbAQLP

exports[`Section Component matches snapshot 1`] = `
<DocumentFragment>
  <div>
    <div>
      <h1>
        Section Title
      </h1>
    </div>
    <div>
      <p>
        Section Content
      </p>
    </div>
  </div>
</DocumentFragment>
`;
